[02:35:46.764] [request_uuid:a]   [1m[36mFeatureFlag Load (0.3ms)[0m  [1m[34mSELECT  "feature_flags".* FROM "feature_flags" WHERE "feature_flags"."name" = $1 LIMIT $2[0m  [["name", "Workspace templates"], ["LIMIT", 1]]
[02:35:46.764] [request_uuid:a]   abc
[02:35:40.369] [request_uuid:0] Creating scope :open1. Overwriting existing method AhaGlobal::AdminOpportunity.open. lsj lsjdfk slkskjfsdfslfsdk slsdksdks aaa bbb ccc ddd eee fff ggg hhh iii jjj kkk
[02:35:40.369] [request_uuid:0] 1 1 1 1 1 1 1 1
[02:35:40.369] [request_uuid:0] 1
[02:35:40.369] [request_uuid:0] 1
[02:35:40.369] [request_uuid:0] 1kklsklskddsf
[02:35:40.369] [request_uuid:0] 1fslf
[02:35:40.369] [request_uuid:0] 1fsl
[02:35:40.369] [request_uuid:0] 1fslfs
[02:35:40.369] [request_uuid:0] 1flskdlldslsjfd
[02:35:40.369] [request_uuid:0] 1fldk
[02:35:40.369] [request_uuid:0] 1kd
[02:35:40.369] [request_uuid:0] 1kd
[02:35:40.369] [request_uuid:0] 1lkdlfkdl
[02:35:40.369] [request_uuid:0] 1
[02:35:40.369] [request_uuid:0] 1
[02:35:40.369] [request_uuid:0] 1f
[02:35:40.369] [request_uuid:0] 1fs
[02:35:40.369] [request_uuid:0] 1sd
[02:35:40.369] [request_uuid:0] 1sd
[02:35:40.369] [request_uuid:0] 5
[02:35:40.369] [request_uuid:0] 1
[02:35:40.369] [request_uuid:0] 1
[02:35:40.369] [request_uuid:0] 4
[02:35:40.369] [request_uuid:0] 1
[02:35:40.369] [request_uuid:0] 1
[02:35:40.369] [request_uuid:0] 2
[02:35:40.369] [request_uuid:0] 1
[02:35:40.369] [request_uuid:0] 1
[02:35:40.369] [request_uuid:0] 1
[02:35:40.369] [request_uuid:0] 1ssdfslfkjfkjfksfljfd
[02:35:40.369] [request_uuid:0] 1f
[02:35:40.369] [request_uuid:0] Creating scope :open1.5. Overwriting existing method AhaGlobal::AdminOpportunity.open. lsj lsjdfk slkskjfsdfslfsdk slsdksdks sf skf lksf sjf dsd dfk fsdjf
[02:35:40.369] [request_uuid:1] Creating scope :open2. Overwriting existing method AhaGlobal::AdminOpportunity.open. lsj lsjdfk slkskjfsdfslfsdk slsdksdks sf skf lksf sjf dsd dfk fsdjf
[02:35:40.369] [request_uuid:2] Creating scope :open3. Overwriting existing method AhaGlobal::AdminOpportunity.open. lsj lsjdfk slkskjfsdfslfsdk slsdksdks sf skf lksf sjf dsd dfk fsdjf lsdksdks sf skf lksf sjf dsd dfk fsdjf lsdksdks sf skf lksf sjf dsd dfk fsdjf lsdksdks sf skf lksf sjf dsd dfk fsdjf
[02:35:40.369] [request_uuid:3] 1
[02:35:40.369] [request_uuid:4] 1
[02:35:40.369] [request_uuid:5] 4
[02:35:40.369] [request_uuid:6] 1
[02:35:40.369] [request_uuid:7] 1
[02:35:40.369] [request_uuid:8] 2
[02:35:40.369] [request_uuid:9] 1
[02:35:40.369] [request_uuid:10] 1
[02:35:40.369] [request_uuid:20] 4
[02:35:40.369] [request_uuid:30] 1
[02:35:40.369] [request_uuid:40] 1
[02:35:40.369] [request_uuid:50] 2
[02:35:40.369] [request_uuid:60] 1
[02:35:40.369] [request_uuid:70] 1
[02:35:40.369] [request_uuid:80] 4
[02:35:40.369] [request_uuid:90] 1
[02:35:40.369] [request_uuid:101] 1
[02:35:40.369] [request_uuid:102] 1
[02:35:40.369] [request_uuid:103] 1
[02:35:40.369] [request_uuid:104] 1
[02:35:40.369] [request_uuid:105] 1
[02:35:40.369] [request_uuid:106] 1
[02:35:40.369] [request_uuid:107] 1
